== VALIDATION: phase 8 ==

$ bun test tests/phase8*
bun test v1.3.4 (5eb2145b)

tests/phase8-tools.test.ts:
(pass) Phase 8: tool execution layer > ToolRunner validates schemas and emits a close event [1.48ms]
(pass) Phase 8: tool execution layer > search.grep golden output matches fixtures (normalized ordering) [2.84ms]
(pass) Phase 8: tool execution layer > patch.apply previewOnly does not write; apply writes and produces a diff attachment [4.29ms]
(pass) Phase 8: tool execution layer > engine core tool layer does not use subprocess APIs [1.02ms]

 4 pass
 0 fail
 96 expect() calls
Ran 4 tests across 1 file. [76.00ms]

$ bun test
bun test v1.3.4 (5eb2145b)

tests/phase6-settings.test.ts:
(pass) Phase 6: settings system > enabled sources flag parser matches legacy [0.46ms]
(pass) Phase 6: settings system > enabled file sources always include policy+flag (and preserve legacy order) [0.13ms]
(pass) Phase 6: settings system > patch semantics: delete on undefined + arrays replace [0.11ms]
(pass) Phase 6: settings system > storage-backed settings manager merges enabled sources and suppresses self-triggered watch events [1.76ms]
(pass) Phase 6: settings system > export/import bundle captures per-source settings objects [0.29ms]
(pass) Phase 6: settings system > invalid policy settings fail-closed in EffectiveConfig [0.15ms]
(pass) Phase 6: settings system > remote policy refresh writes to cache (storage) [0.15ms]

tests/phase3-event-bus.test.ts:
(pass) Phase 3: event bus semantics > emits monotonic seq per channel and supports cursors [1.25ms]
(pass) Phase 3: event bus semantics > recording helper captures envelopes and can be stopped [0.19ms]
(pass) Phase 3: event bus semantics > includeSnapshot yields a snapshot envelope before live events [0.06ms]
(pass) Phase 3: event bus semantics > coalescing policy can replace queued events deterministically [0.17ms]

tests/phase4-leak-prevention.test.ts:
(pass) Phase 4: capability leak prevention heuristics > no module-level HostCapabilities singletons in portable src/core [12.12ms]

tests/phase3-replay-adapters.test.ts:
(pass) Phase 3: replay/adapter conformance > event streams roundtrip through web/node/RN adapter shapes [3.47ms]
(pass) Phase 3: replay/adapter conformance > diff classifier treats UI-only differences as benign_ui [0.08ms]

tests/phase4-capabilities.test.ts:
(pass) Phase 4: host capabilities > requireCapability throws typed errors [0.16ms]
(pass) Phase 4: host capabilities > capability view can policy-deny individual caps [0.17ms]
(pass) Phase 4: host capabilities > capability compliance report flags missing required [0.19ms]
(pass) Phase 4: host capabilities > node storage provides CAS semantics [3.08ms]
(pass) Phase 4: host capabilities > portable path normalization is POSIX-like [0.22ms]
(pass) Phase 4: host capabilities > retry/backoff is deterministic with injected RNG [0.25ms]

tests/phase3-replay-conformance.test.ts:
(pass) Phase 3: replay-style conformance (kernel/event bus baseline) > deterministic scenario produces identical normalized outputs across runs [1.89ms]

tests/phase5-queues-and-viewmodels.test.ts:
(pass) Phase 5: queues, lifecycle, and UI adapter view models > tool permission queue resolves deterministically and can request persistence [0.87ms]
(pass) Phase 5: queues, lifecycle, and UI adapter view models > elicitation cancellation propagates via effects [0.14ms]
(pass) Phase 5: queues, lifecycle, and UI adapter view models > backgrounding clears ephemeral UI queues and emits cancellation effects [0.29ms]
(pass) Phase 5: queues, lifecycle, and UI adapter view models > multi-session model enforces a single active session [0.09ms]
(pass) Phase 5: queues, lifecycle, and UI adapter view models > UI view models share identical transcript semantics across adapters [0.26ms]

tests/phase5-notifications-and-redaction.test.ts:
(pass) Phase 5: deterministic queues and redaction > notification drain is deterministic for equal priority [0.12ms]
(pass) Phase 5: deterministic queues and redaction > transcript redaction removes sensitive nodes and produces a stable hash [0.49ms]
(pass) Phase 5: deterministic queues and redaction > session export omits out-of-line attachment payloads [0.07ms]

tests/phase5-state.test.ts:
(pass) Phase 5: app/session state model > create session command sets active session when requested [0.18ms]
(pass) Phase 5: app/session state model > overlay selection reflects queue state deterministically [0.14ms]
(pass) Phase 5: app/session state model > transcript semantic renderer produces stable summaries [0.08ms]

tests/phase1-fixtures.test.ts:
(pass) Phase 1 fixtures: sanitization > fixtures do not contain obvious secrets [5.95ms]

tests/phase3-runtime.test.ts:
(pass) Phase 3: deterministic runtime kernel > task yields and resumes deterministically [0.39ms]
(pass) Phase 3: deterministic runtime kernel > timeouts abort tasks and resolve as timeout results [0.39ms]
(pass) Phase 3: deterministic runtime kernel > concurrency limiter blocks and unblocks deterministically [0.22ms]
(pass) Phase 3: deterministic runtime kernel > streams emit sequenced events and snapshot tracks them [0.25ms]
(pass) Phase 3: deterministic runtime kernel > tool streams block producers under backpressure by default [0.11ms]
(pass) Phase 3: deterministic runtime kernel > closing a scope cancels in-flight tasks without leaking timers [0.13ms]
(pass) Phase 3: deterministic runtime kernel > parent task cancellation fans out to explicitly-parented child tasks [0.19ms]
(pass) Phase 3: deterministic runtime kernel > fail-fast task errors cancel the rest of the scope deterministically [0.18ms]
(pass) Phase 3: deterministic runtime kernel > hang detector fires once per category until progress resumes [0.09ms]
(pass) Phase 3: deterministic runtime kernel > scheduler fairness: low priority is not starved by high priority [0.10ms]

tests/phase1-legacy-spec.test.ts:
(pass) Phase 1: legacy spec carry-over > overlay precedence matches captured legacy order
(pass) Phase 1: legacy spec carry-over > permission rule parse/format roundtrip [0.14ms]
(pass) Phase 1: legacy spec carry-over > bundle env vars include legacy MCP CLI toggles [32.91ms]
(pass) Phase 1: legacy spec carry-over > bundle contains canonical settings-source precedence list [16.82ms]
(pass) Phase 1: legacy spec carry-over > bundle contains canonical permission rule-source precedence list [58.76ms]
(pass) Phase 1: legacy spec carry-over > bundle contains hook event names captured in v3 spec [67.71ms]
(pass) Phase 1: legacy spec carry-over > MCP CLI env gates match observed bundle behavior [0.52ms]
(pass) Phase 1: legacy spec carry-over > bundle `--mcp-cli` is gated by ENABLE_EXPERIMENTAL_MCP_CLI [1082.92ms]
(pass) Phase 1: legacy spec carry-over > both bundles agree on MCP CLI gating snapshot (env/flag mapping) [1907.95ms]

tests/phase3-shutdown-summary.test.ts:
(pass) Phase 3: scope shutdown summaries > closing a session scope can emit a bounded shutdown summary event [0.87ms]

tests/phase7-permissions.test.ts:
(pass) Phase 7: permissions engine > rule parsing/stringifying matches legacy grammar [0.11ms]
(pass) Phase 7: permissions engine > plain rules: first match wins by legacy source order; content rules overwrite later sources [0.19ms]
(pass) Phase 7: permissions engine > decision pipeline preserves legacy ordering (deny > ask > tool-specific > mode override > allow > fallback) [0.47ms]
(pass) Phase 7: permissions engine > settings-driven context builder reads permissions.* from per-source settings [0.65ms]
(pass) Phase 7: permissions engine > permission updates persist via SettingsManager.updateSource and preserve array operations [0.62ms]
(pass) Phase 7: permissions engine > network target canonicalization and local-network classification work [0.27ms]
(pass) Phase 7: permissions engine > network approvals can be enforced by permission-gated network capability [0.22ms]
(pass) Phase 7: permissions engine > network approval persistence suggests legacy WebFetch(domain:host) rule updates [0.04ms]
(pass) Phase 7: permissions engine > decision cache stores allow/deny but not ask by default [0.10ms]
(pass) Phase 7: permissions engine > applyPermissionUpdates is deterministic [0.12ms]

tests/phase2-architecture-boundaries.test.ts:
(pass) Phase 2: architecture/boundaries > import boundary script passes [45.07ms]
(pass) Phase 2: architecture/boundaries > host capability smoke check reports missing required [0.16ms]
(pass) Phase 2: architecture/boundaries > host capability smoke check passes for provided adapters (node/rn/web) [0.31ms]
(pass) Phase 2: architecture/boundaries > canonical JSON stringification is stable (key order)

tests/phase4-mobile-safe-conformance.test.ts:
(pass) Phase 4: minimal mobile-safe conformance > boots with no filesystem/process/local endpoints and core subsystems still function [0.30ms]

tests/phase8-tools.test.ts:
(pass) Phase 8: tool execution layer > ToolRunner validates schemas and emits a close event [0.97ms]
(pass) Phase 8: tool execution layer > search.grep golden output matches fixtures (normalized ordering) [2.12ms]
(pass) Phase 8: tool execution layer > patch.apply previewOnly does not write; apply writes and produces a diff attachment [3.36ms]
(pass) Phase 8: tool execution layer > engine core tool layer does not use subprocess APIs [1.04ms]

tests/phase3-determinism.test.ts:
(pass) Phase 3: determinism helpers > seeded random produces stable UUIDs for a given seed [0.23ms]
(pass) Phase 3: determinism helpers > kernel snapshot is stable and sorted [0.23ms]
(pass) Phase 3: determinism helpers > core stream summary uses hash + counters (no raw transcript storage) [0.97ms]
(pass) Phase 3: determinism helpers > node filesystem adapter returns deterministic directory listings [1.30ms]

 76 pass
 0 fail
 372 expect() calls
Ran 76 tests across 18 files. [3.32s]

$ bun run typecheck
$ tsc -p tsconfig.json --noEmit

$ bun run check:boundaries
$ node scripts/check-import-boundaries.mjs
Import boundary check passed.

