== VALIDATION: phase 11 ==

$ bun test tests/phase11*
bun test v1.3.4 (5eb2145b)

tests/phase11-agents.test.ts:
(pass) Phase 11: background agents + long-running tasks > prompt suggestion suppression heuristics are stable [4.03ms]
(pass) Phase 11: background agents + long-running tasks > magic docs parsing and template rendering match legacy behavior [0.72ms]
(pass) Phase 11: background agents + long-running tasks > agent manager cancels background agents on host backgrounded [3.23ms]
(pass) Phase 11: background agents + long-running tasks > worker capability filtering never exposes secrets/ipc [0.42ms]
(pass) Phase 11: background agents + long-running tasks > durable task document is stable via canonical JSON and decodes [0.12ms]

 5 pass
 0 fail
 14 expect() calls
Ran 5 tests across 1 file. [76.00ms]

$ bun test
bun test v1.3.4 (5eb2145b)

tests/phase6-settings.test.ts:
(pass) Phase 6: settings system > enabled sources flag parser matches legacy [0.21ms]
(pass) Phase 6: settings system > enabled file sources always include policy+flag (and preserve legacy order) [0.10ms]
(pass) Phase 6: settings system > patch semantics: delete on undefined + arrays replace [0.11ms]
(pass) Phase 6: settings system > storage-backed settings manager merges enabled sources and suppresses self-triggered watch events [1.76ms]
(pass) Phase 6: settings system > export/import bundle captures per-source settings objects [0.31ms]
(pass) Phase 6: settings system > invalid policy settings fail-closed in EffectiveConfig [0.17ms]
(pass) Phase 6: settings system > remote policy refresh writes to cache (storage) [0.14ms]

tests/phase3-event-bus.test.ts:
(pass) Phase 3: event bus semantics > emits monotonic seq per channel and supports cursors [1.36ms]
(pass) Phase 3: event bus semantics > recording helper captures envelopes and can be stopped [0.24ms]
(pass) Phase 3: event bus semantics > includeSnapshot yields a snapshot envelope before live events [0.10ms]
(pass) Phase 3: event bus semantics > coalescing policy can replace queued events deterministically [0.14ms]

tests/phase4-leak-prevention.test.ts:
(pass) Phase 4: capability leak prevention heuristics > no module-level HostCapabilities singletons in portable src/core [33.73ms]

tests/phase3-replay-adapters.test.ts:
(pass) Phase 3: replay/adapter conformance > event streams roundtrip through web/node/RN adapter shapes [7.01ms]
(pass) Phase 3: replay/adapter conformance > diff classifier treats UI-only differences as benign_ui [0.10ms]

tests/phase4-capabilities.test.ts:
(pass) Phase 4: host capabilities > requireCapability throws typed errors [0.14ms]
(pass) Phase 4: host capabilities > capability view can policy-deny individual caps [0.18ms]
(pass) Phase 4: host capabilities > capability compliance report flags missing required [0.22ms]
(pass) Phase 4: host capabilities > node storage provides CAS semantics [17.26ms]
(pass) Phase 4: host capabilities > portable path normalization is POSIX-like [0.31ms]
(pass) Phase 4: host capabilities > retry/backoff is deterministic with injected RNG [1.85ms]

tests/phase9-hooks.test.ts:
(pass) Phase 9: hooks system redesign > normalizeHooksConfig is deterministic and compiles matchers [1.16ms]
(pass) Phase 9: hooks system redesign > normalizeHooksConfig reports invalid regex with source attribution [0.42ms]
(pass) Phase 9: hooks system redesign > ToolRunner integrates PreToolUse/PostToolUse via createToolPipelineHooks [4.48ms]
(pass) Phase 9: hooks system redesign > ToolRunner calls afterToolFailure on tool error [0.79ms]
(pass) Phase 9: hooks system redesign > applyHookEffects rejects conflicting merge updates [0.35ms]
(pass) Phase 9: hooks system redesign > applyHookEffects dedupes transcript appends and permission updates; denies unsupported IO effects [0.10ms]
(pass) Phase 9: hooks system redesign > applyHookEffects applies first BlockContinuation and keeps status line/file suggestions first-win [0.05ms]
(pass) Phase 9: hooks system redesign > HookEngine enforces allowNestedToolRuns for RunTool [0.50ms]
(pass) Phase 9: hooks system redesign > legacy async hook stdout mapping detects async:true and clamps timeout [0.32ms]
(pass) Phase 9: hooks system redesign > legacy async hook parser matches legacy heuristics (parse only when stdout is JSON-shaped) [0.05ms]
(pass) Phase 9: hooks system redesign > loadPluginHooks reads plugins/*/hooks/hooks.json and merges [8.08ms]

tests/phase3-replay-conformance.test.ts:
(pass) Phase 3: replay-style conformance (kernel/event bus baseline) > deterministic scenario produces identical normalized outputs across runs [2.09ms]

tests/phase5-queues-and-viewmodels.test.ts:
(pass) Phase 5: queues, lifecycle, and UI adapter view models > tool permission queue resolves deterministically and can request persistence [1.29ms]
(pass) Phase 5: queues, lifecycle, and UI adapter view models > elicitation cancellation propagates via effects [0.14ms]
(pass) Phase 5: queues, lifecycle, and UI adapter view models > backgrounding clears ephemeral UI queues and emits cancellation effects [0.48ms]
(pass) Phase 5: queues, lifecycle, and UI adapter view models > multi-session model enforces a single active session [0.09ms]
(pass) Phase 5: queues, lifecycle, and UI adapter view models > UI view models share identical transcript semantics across adapters [1.07ms]

tests/phase5-notifications-and-redaction.test.ts:
(pass) Phase 5: deterministic queues and redaction > notification drain is deterministic for equal priority [0.20ms]
(pass) Phase 5: deterministic queues and redaction > transcript redaction removes sensitive nodes and produces a stable hash [1.25ms]
(pass) Phase 5: deterministic queues and redaction > session export omits out-of-line attachment payloads [0.49ms]

tests/phase10-mcp.test.ts:
(pass) Phase 10: MCP integration > MCP CLI feature gate parsing treats ENABLE_MCP_CLI_ENDPOINT=off as disabled [0.03ms]
(pass) Phase 10: MCP integration > manifest cache detects schema drift by hash [2.44ms]
(pass) Phase 10: MCP integration > retry/backoff retries retryable MCP errors deterministically [1.72ms]
(pass) Phase 10: MCP integration > cancelled MCP requests stop cleanly [1.51ms]
(pass) Phase 10: MCP integration > MCP tools run through ToolRunner hooks, and endpoint-missing warning is warn-once [2.61ms]

tests/phase5-state.test.ts:
(pass) Phase 5: app/session state model > create session command sets active session when requested [1.61ms]
(pass) Phase 5: app/session state model > overlay selection reflects queue state deterministically [0.35ms]
(pass) Phase 5: app/session state model > transcript semantic renderer produces stable summaries [0.18ms]

tests/phase1-fixtures.test.ts:
(pass) Phase 1 fixtures: sanitization > fixtures do not contain obvious secrets [8.54ms]

tests/phase3-runtime.test.ts:
(pass) Phase 3: deterministic runtime kernel > task yields and resumes deterministically [0.24ms]
(pass) Phase 3: deterministic runtime kernel > timeouts abort tasks and resolve as timeout results [0.33ms]
(pass) Phase 3: deterministic runtime kernel > concurrency limiter blocks and unblocks deterministically [0.27ms]
(pass) Phase 3: deterministic runtime kernel > streams emit sequenced events and snapshot tracks them [2.24ms]
(pass) Phase 3: deterministic runtime kernel > tool streams block producers under backpressure by default [0.14ms]
(pass) Phase 3: deterministic runtime kernel > closing a scope cancels in-flight tasks without leaking timers [0.22ms]
(pass) Phase 3: deterministic runtime kernel > parent task cancellation fans out to explicitly-parented child tasks [1.90ms]
(pass) Phase 3: deterministic runtime kernel > fail-fast task errors cancel the rest of the scope deterministically [0.49ms]
(pass) Phase 3: deterministic runtime kernel > hang detector fires once per category until progress resumes [0.65ms]
(pass) Phase 3: deterministic runtime kernel > scheduler fairness: low priority is not starved by high priority [0.14ms]

tests/phase1-legacy-spec.test.ts:
(pass) Phase 1: legacy spec carry-over > overlay precedence matches captured legacy order [0.01ms]
(pass) Phase 1: legacy spec carry-over > permission rule parse/format roundtrip [0.10ms]
(pass) Phase 1: legacy spec carry-over > bundle env vars include legacy MCP CLI toggles [65.20ms]
(pass) Phase 1: legacy spec carry-over > bundle contains canonical settings-source precedence list [21.76ms]
(pass) Phase 1: legacy spec carry-over > bundle contains canonical permission rule-source precedence list [71.90ms]
(pass) Phase 1: legacy spec carry-over > bundle contains hook event names captured in v3 spec [83.54ms]
(pass) Phase 1: legacy spec carry-over > MCP CLI env gates match observed bundle behavior [0.26ms]
(pass) Phase 1: legacy spec carry-over > bundle `--mcp-cli` is gated by ENABLE_EXPERIMENTAL_MCP_CLI [1304.56ms]
(pass) Phase 1: legacy spec carry-over > both bundles agree on MCP CLI gating snapshot (env/flag mapping) [1958.85ms]

tests/phase3-shutdown-summary.test.ts:
(pass) Phase 3: scope shutdown summaries > closing a session scope can emit a bounded shutdown summary event [0.55ms]

tests/phase7-permissions.test.ts:
(pass) Phase 7: permissions engine > rule parsing/stringifying matches legacy grammar [0.05ms]
(pass) Phase 7: permissions engine > plain rules: first match wins by legacy source order; content rules overwrite later sources [0.19ms]
(pass) Phase 7: permissions engine > decision pipeline preserves legacy ordering (deny > ask > tool-specific > mode override > allow > fallback) [0.51ms]
(pass) Phase 7: permissions engine > settings-driven context builder reads permissions.* from per-source settings [0.61ms]
(pass) Phase 7: permissions engine > permission updates persist via SettingsManager.updateSource and preserve array operations [0.79ms]
(pass) Phase 7: permissions engine > network target canonicalization and local-network classification work [0.34ms]
(pass) Phase 7: permissions engine > network approvals can be enforced by permission-gated network capability [0.25ms]
(pass) Phase 7: permissions engine > network approval persistence suggests legacy WebFetch(domain:host) rule updates [0.04ms]
(pass) Phase 7: permissions engine > decision cache stores allow/deny but not ask by default [0.12ms]
(pass) Phase 7: permissions engine > applyPermissionUpdates is deterministic [0.13ms]

tests/phase2-architecture-boundaries.test.ts:
(pass) Phase 2: architecture/boundaries > import boundary script passes [50.98ms]
(pass) Phase 2: architecture/boundaries > host capability smoke check reports missing required [0.05ms]
(pass) Phase 2: architecture/boundaries > host capability smoke check passes for provided adapters (node/rn/web) [0.26ms]
(pass) Phase 2: architecture/boundaries > canonical JSON stringification is stable (key order)

tests/phase4-mobile-safe-conformance.test.ts:
(pass) Phase 4: minimal mobile-safe conformance > boots with no filesystem/process/local endpoints and core subsystems still function [0.46ms]

tests/phase8-tools.test.ts:
(pass) Phase 8: tool execution layer > ToolRunner validates schemas and emits a close event [0.39ms]
(pass) Phase 8: tool execution layer > search.grep golden output matches fixtures (normalized ordering) [1.92ms]
(pass) Phase 8: tool execution layer > patch.apply previewOnly does not write; apply writes and produces a diff attachment [3.15ms]
(pass) Phase 8: tool execution layer > engine core tool layer does not use subprocess APIs [0.97ms]

tests/phase11-agents.test.ts:
(pass) Phase 11: background agents + long-running tasks > prompt suggestion suppression heuristics are stable [0.17ms]
(pass) Phase 11: background agents + long-running tasks > magic docs parsing and template rendering match legacy behavior [0.24ms]
(pass) Phase 11: background agents + long-running tasks > agent manager cancels background agents on host backgrounded [0.81ms]
(pass) Phase 11: background agents + long-running tasks > worker capability filtering never exposes secrets/ipc [0.09ms]
(pass) Phase 11: background agents + long-running tasks > durable task document is stable via canonical JSON and decodes

tests/phase3-determinism.test.ts:
(pass) Phase 3: determinism helpers > seeded random produces stable UUIDs for a given seed [0.15ms]
(pass) Phase 3: determinism helpers > kernel snapshot is stable and sorted [0.37ms]
(pass) Phase 3: determinism helpers > core stream summary uses hash + counters (no raw transcript storage) [0.96ms]
(pass) Phase 3: determinism helpers > node filesystem adapter returns deterministic directory listings [1.04ms]

 97 pass
 0 fail
 429 expect() calls
Ran 97 tests across 21 files. [3.81s]

$ bun run typecheck
$ tsc -p tsconfig.json --noEmit

$ bun run check:boundaries
$ node scripts/check-import-boundaries.mjs
Import boundary check passed.

