== VALIDATION: phase 10 ==

$ bun test tests/phase10*
bun test v1.3.4 (5eb2145b)

tests/phase10-mcp.test.ts:
(pass) Phase 10: MCP integration > MCP CLI feature gate parsing treats ENABLE_MCP_CLI_ENDPOINT=off as disabled [0.15ms]
(pass) Phase 10: MCP integration > manifest cache detects schema drift by hash [1.74ms]
(pass) Phase 10: MCP integration > retry/backoff retries retryable MCP errors deterministically [1.07ms]
(pass) Phase 10: MCP integration > cancelled MCP requests stop cleanly [0.97ms]
(pass) Phase 10: MCP integration > MCP tools run through ToolRunner hooks, and endpoint-missing warning is warn-once [4.06ms]

 5 pass
 0 fail
 12 expect() calls
Ran 5 tests across 1 file. [34.00ms]

$ bun test
bun test v1.3.4 (5eb2145b)

tests/phase6-settings.test.ts:
(pass) Phase 6: settings system > enabled sources flag parser matches legacy [0.26ms]
(pass) Phase 6: settings system > enabled file sources always include policy+flag (and preserve legacy order) [0.14ms]
(pass) Phase 6: settings system > patch semantics: delete on undefined + arrays replace [0.11ms]
(pass) Phase 6: settings system > storage-backed settings manager merges enabled sources and suppresses self-triggered watch events [1.38ms]
(pass) Phase 6: settings system > export/import bundle captures per-source settings objects [0.18ms]
(pass) Phase 6: settings system > invalid policy settings fail-closed in EffectiveConfig [0.22ms]
(pass) Phase 6: settings system > remote policy refresh writes to cache (storage) [0.12ms]

tests/phase3-event-bus.test.ts:
(pass) Phase 3: event bus semantics > emits monotonic seq per channel and supports cursors [1.17ms]
(pass) Phase 3: event bus semantics > recording helper captures envelopes and can be stopped [0.19ms]
(pass) Phase 3: event bus semantics > includeSnapshot yields a snapshot envelope before live events [0.11ms]
(pass) Phase 3: event bus semantics > coalescing policy can replace queued events deterministically [0.12ms]

tests/phase4-leak-prevention.test.ts:
(pass) Phase 4: capability leak prevention heuristics > no module-level HostCapabilities singletons in portable src/core [13.35ms]

tests/phase3-replay-adapters.test.ts:
(pass) Phase 3: replay/adapter conformance > event streams roundtrip through web/node/RN adapter shapes [3.12ms]
(pass) Phase 3: replay/adapter conformance > diff classifier treats UI-only differences as benign_ui [0.07ms]

tests/phase4-capabilities.test.ts:
(pass) Phase 4: host capabilities > requireCapability throws typed errors [0.11ms]
(pass) Phase 4: host capabilities > capability view can policy-deny individual caps [0.11ms]
(pass) Phase 4: host capabilities > capability compliance report flags missing required [0.19ms]
(pass) Phase 4: host capabilities > node storage provides CAS semantics [2.50ms]
(pass) Phase 4: host capabilities > portable path normalization is POSIX-like [0.23ms]
(pass) Phase 4: host capabilities > retry/backoff is deterministic with injected RNG [0.28ms]

tests/phase9-hooks.test.ts:
(pass) Phase 9: hooks system redesign > normalizeHooksConfig is deterministic and compiles matchers [0.96ms]
(pass) Phase 9: hooks system redesign > normalizeHooksConfig reports invalid regex with source attribution [0.15ms]
(pass) Phase 9: hooks system redesign > ToolRunner integrates PreToolUse/PostToolUse via createToolPipelineHooks [2.31ms]
(pass) Phase 9: hooks system redesign > ToolRunner calls afterToolFailure on tool error [0.27ms]
(pass) Phase 9: hooks system redesign > applyHookEffects rejects conflicting merge updates [0.25ms]
(pass) Phase 9: hooks system redesign > applyHookEffects dedupes transcript appends and permission updates; denies unsupported IO effects [0.07ms]
(pass) Phase 9: hooks system redesign > applyHookEffects applies first BlockContinuation and keeps status line/file suggestions first-win [0.03ms]
(pass) Phase 9: hooks system redesign > HookEngine enforces allowNestedToolRuns for RunTool [0.35ms]
(pass) Phase 9: hooks system redesign > legacy async hook stdout mapping detects async:true and clamps timeout [0.08ms]
(pass) Phase 9: hooks system redesign > legacy async hook parser matches legacy heuristics (parse only when stdout is JSON-shaped) [0.01ms]
(pass) Phase 9: hooks system redesign > loadPluginHooks reads plugins/*/hooks/hooks.json and merges [2.66ms]

tests/phase3-replay-conformance.test.ts:
(pass) Phase 3: replay-style conformance (kernel/event bus baseline) > deterministic scenario produces identical normalized outputs across runs [1.88ms]

tests/phase5-queues-and-viewmodels.test.ts:
(pass) Phase 5: queues, lifecycle, and UI adapter view models > tool permission queue resolves deterministically and can request persistence [0.83ms]
(pass) Phase 5: queues, lifecycle, and UI adapter view models > elicitation cancellation propagates via effects [0.15ms]
(pass) Phase 5: queues, lifecycle, and UI adapter view models > backgrounding clears ephemeral UI queues and emits cancellation effects [0.28ms]
(pass) Phase 5: queues, lifecycle, and UI adapter view models > multi-session model enforces a single active session [0.08ms]
(pass) Phase 5: queues, lifecycle, and UI adapter view models > UI view models share identical transcript semantics across adapters [0.32ms]

tests/phase5-notifications-and-redaction.test.ts:
(pass) Phase 5: deterministic queues and redaction > notification drain is deterministic for equal priority [0.22ms]
(pass) Phase 5: deterministic queues and redaction > transcript redaction removes sensitive nodes and produces a stable hash [0.61ms]
(pass) Phase 5: deterministic queues and redaction > session export omits out-of-line attachment payloads [0.08ms]

tests/phase10-mcp.test.ts:
(pass) Phase 10: MCP integration > MCP CLI feature gate parsing treats ENABLE_MCP_CLI_ENDPOINT=off as disabled [0.05ms]
(pass) Phase 10: MCP integration > manifest cache detects schema drift by hash [0.61ms]
(pass) Phase 10: MCP integration > retry/backoff retries retryable MCP errors deterministically [1.26ms]
(pass) Phase 10: MCP integration > cancelled MCP requests stop cleanly [0.71ms]
(pass) Phase 10: MCP integration > MCP tools run through ToolRunner hooks, and endpoint-missing warning is warn-once [1.22ms]

tests/phase5-state.test.ts:
(pass) Phase 5: app/session state model > create session command sets active session when requested [0.13ms]
(pass) Phase 5: app/session state model > overlay selection reflects queue state deterministically [0.11ms]
(pass) Phase 5: app/session state model > transcript semantic renderer produces stable summaries [0.07ms]

tests/phase1-fixtures.test.ts:
(pass) Phase 1 fixtures: sanitization > fixtures do not contain obvious secrets [3.20ms]

tests/phase3-runtime.test.ts:
(pass) Phase 3: deterministic runtime kernel > task yields and resumes deterministically [0.20ms]
(pass) Phase 3: deterministic runtime kernel > timeouts abort tasks and resolve as timeout results [0.29ms]
(pass) Phase 3: deterministic runtime kernel > concurrency limiter blocks and unblocks deterministically [0.23ms]
(pass) Phase 3: deterministic runtime kernel > streams emit sequenced events and snapshot tracks them [0.15ms]
(pass) Phase 3: deterministic runtime kernel > tool streams block producers under backpressure by default [0.10ms]
(pass) Phase 3: deterministic runtime kernel > closing a scope cancels in-flight tasks without leaking timers [0.17ms]
(pass) Phase 3: deterministic runtime kernel > parent task cancellation fans out to explicitly-parented child tasks [0.28ms]
(pass) Phase 3: deterministic runtime kernel > fail-fast task errors cancel the rest of the scope deterministically [0.15ms]
(pass) Phase 3: deterministic runtime kernel > hang detector fires once per category until progress resumes [0.10ms]
(pass) Phase 3: deterministic runtime kernel > scheduler fairness: low priority is not starved by high priority [0.08ms]

tests/phase1-legacy-spec.test.ts:
(pass) Phase 1: legacy spec carry-over > overlay precedence matches captured legacy order
(pass) Phase 1: legacy spec carry-over > permission rule parse/format roundtrip [0.12ms]
(pass) Phase 1: legacy spec carry-over > bundle env vars include legacy MCP CLI toggles [34.32ms]
(pass) Phase 1: legacy spec carry-over > bundle contains canonical settings-source precedence list [11.51ms]
(pass) Phase 1: legacy spec carry-over > bundle contains canonical permission rule-source precedence list [54.47ms]
(pass) Phase 1: legacy spec carry-over > bundle contains hook event names captured in v3 spec [67.33ms]
(pass) Phase 1: legacy spec carry-over > MCP CLI env gates match observed bundle behavior [0.14ms]
(pass) Phase 1: legacy spec carry-over > bundle `--mcp-cli` is gated by ENABLE_EXPERIMENTAL_MCP_CLI [1039.03ms]
(pass) Phase 1: legacy spec carry-over > both bundles agree on MCP CLI gating snapshot (env/flag mapping) [2166.95ms]

tests/phase3-shutdown-summary.test.ts:
(pass) Phase 3: scope shutdown summaries > closing a session scope can emit a bounded shutdown summary event [0.63ms]

tests/phase7-permissions.test.ts:
(pass) Phase 7: permissions engine > rule parsing/stringifying matches legacy grammar [0.13ms]
(pass) Phase 7: permissions engine > plain rules: first match wins by legacy source order; content rules overwrite later sources [0.14ms]
(pass) Phase 7: permissions engine > decision pipeline preserves legacy ordering (deny > ask > tool-specific > mode override > allow > fallback) [0.41ms]
(pass) Phase 7: permissions engine > settings-driven context builder reads permissions.* from per-source settings [0.59ms]
(pass) Phase 7: permissions engine > permission updates persist via SettingsManager.updateSource and preserve array operations [0.90ms]
(pass) Phase 7: permissions engine > network target canonicalization and local-network classification work [0.23ms]
(pass) Phase 7: permissions engine > network approvals can be enforced by permission-gated network capability [0.30ms]
(pass) Phase 7: permissions engine > network approval persistence suggests legacy WebFetch(domain:host) rule updates [0.01ms]
(pass) Phase 7: permissions engine > decision cache stores allow/deny but not ask by default [0.15ms]
(pass) Phase 7: permissions engine > applyPermissionUpdates is deterministic [0.13ms]

tests/phase2-architecture-boundaries.test.ts:
(pass) Phase 2: architecture/boundaries > import boundary script passes [52.11ms]
(pass) Phase 2: architecture/boundaries > host capability smoke check reports missing required [0.17ms]
(pass) Phase 2: architecture/boundaries > host capability smoke check passes for provided adapters (node/rn/web) [0.33ms]
(pass) Phase 2: architecture/boundaries > canonical JSON stringification is stable (key order) [0.02ms]

tests/phase4-mobile-safe-conformance.test.ts:
(pass) Phase 4: minimal mobile-safe conformance > boots with no filesystem/process/local endpoints and core subsystems still function [0.43ms]

tests/phase8-tools.test.ts:
(pass) Phase 8: tool execution layer > ToolRunner validates schemas and emits a close event [0.44ms]
(pass) Phase 8: tool execution layer > search.grep golden output matches fixtures (normalized ordering) [2.98ms]
(pass) Phase 8: tool execution layer > patch.apply previewOnly does not write; apply writes and produces a diff attachment [3.35ms]
(pass) Phase 8: tool execution layer > engine core tool layer does not use subprocess APIs [1.20ms]

tests/phase3-determinism.test.ts:
(pass) Phase 3: determinism helpers > seeded random produces stable UUIDs for a given seed [0.17ms]
(pass) Phase 3: determinism helpers > kernel snapshot is stable and sorted [0.22ms]
(pass) Phase 3: determinism helpers > core stream summary uses hash + counters (no raw transcript storage) [0.70ms]
(pass) Phase 3: determinism helpers > node filesystem adapter returns deterministic directory listings [1.37ms]

 92 pass
 0 fail
 415 expect() calls
Ran 92 tests across 20 files. [3.55s]

$ bun run typecheck
$ tsc -p tsconfig.json --noEmit

$ bun run check:boundaries
$ node scripts/check-import-boundaries.mjs
Import boundary check passed.

